R 4 SUCCESS
R 5 SUCCESS
R 6 SUCCESS
R 7 SUCCESS
R 8 SUCCESS
R 9 SUCCESS
R 10 SUCCESS
R 11 SUCCESS
R 12 SUCCESS
R 13 SUCCESS
STATE
A 1 2 4960
A 2 2 50000
POS 2 10001 SHORT 5 5040 50 0
A 3 2 3999970
POS 3 10001 LONG 5 5000 50 0
FEE 2 30
EVENTS
FE ADL_ORIGIN_CLOSE uid=1 cur=2 free=5000 locked=0
FE ADL_POSITION_CLOSE uid=2 cur=2 free=49950 locked=50
FE CLOSE_POSITION uid=3 cur=2 free=3999980 locked=0
FE DEPOSIT uid=1 cur=2 free=5000 locked=0
FE DEPOSIT uid=2 cur=2 free=50000 locked=0
FE DEPOSIT uid=3 cur=2 free=4000000 locked=0
FE LIQUIDATION_ALERT uid=1 cur=2 free=0 locked=0
FE LOCK_PENDING uid=1 cur=2 free=4940 locked=60
FE LOCK_PENDING uid=2 cur=2 free=49880 locked=120
FE LOCK_PENDING uid=3 cur=2 free=3999920 locked=70
FE LOCK_PENDING uid=3 cur=2 free=3999940 locked=60
FE OPEN_POSITION uid=1 cur=2 free=4950 locked=50
FE OPEN_POSITION uid=2 cur=2 free=49900 locked=100
FE OPEN_POSITION uid=3 cur=2 free=3999920 locked=50
FE OPEN_POSITION uid=3 cur=2 free=3999940 locked=50
FE PNL_SETTLEMENT uid=1 cur=2 free=4960 locked=0
FE UNLOCK_PENDING uid=1 cur=2 free=4950 locked=50
FE UNLOCK_PENDING uid=1 cur=2 free=5000 locked=0
FE UNLOCK_PENDING uid=2 cur=2 free=50000 locked=0
FE UNLOCK_PENDING uid=3 cur=2 free=3999940 locked=50
FE UNLOCK_PENDING uid=3 cur=2 free=4000000 locked=0
MATCH
ERF NEW NEW uid=1 oid=1 side=BID maker=0 pos=ONEWAY cp=-1 px=1000 lastQty=0 lastPx=0 cumQty=0 cumQ=0 avgPx=0 fee=0 feeAsset=2
ERF NEW NEW uid=3 oid=2 side=ASK maker=0 pos=ONEWAY cp=-1 px=1000 lastQty=0 lastPx=0 cumQty=0 cumQ=0 avgPx=0 fee=0 feeAsset=2
ERF TRADE FILLED uid=3 oid=2 side=ASK maker=0 pos=ONEWAY cp=1 px=1000 lastQty=5 lastPx=1000 cumQty=5 cumQ=5000 avgPx=1000 fee=10 feeAsset=2
ERF TRADE FILLED uid=1 oid=1 side=BID maker=1 pos=ONEWAY cp=3 px=1000 lastQty=5 lastPx=1000 cumQty=5 cumQ=5000 avgPx=1000 fee=0 feeAsset=2
ERF NEW NEW uid=2 oid=3 side=ASK maker=0 pos=ONEWAY cp=-1 px=1000 lastQty=0 lastPx=0 cumQty=0 cumQ=0 avgPx=0 fee=0 feeAsset=2
ERF NEW NEW uid=3 oid=4 side=BID maker=0 pos=ONEWAY cp=-1 px=1000 lastQty=0 lastPx=0 cumQty=0 cumQ=0 avgPx=0 fee=0 feeAsset=2
ERF TRADE FILLED uid=3 oid=4 side=BID maker=0 pos=ONEWAY cp=2 px=1000 lastQty=10 lastPx=1000 cumQty=10 cumQ=10000 avgPx=1000 fee=20 feeAsset=2
ERF TRADE FILLED uid=2 oid=3 side=ASK maker=1 pos=ONEWAY cp=3 px=1000 lastQty=10 lastPx=1000 cumQty=10 cumQ=10000 avgPx=1000 fee=0 feeAsset=2
ERF REJECT REJECTED uid=1 oid=42953968123904 side=ASK maker=0 pos=ONEWAY cp=-1 px=992 lastQty=0 lastPx=0 cumQty=0 cumQ=0 avgPx=0 fee=0 feeAsset=2
