R 4 SUCCESS
R 5 SUCCESS
R 6 SUCCESS
R 7 SUCCESS
R 8 SUCCESS
R 9 SUCCESS
R 10 SUCCESS
R 11 SUCCESS
R 12 SUCCESS
R 13 SUCCESS
R 14 SUCCESS
R 15 SUCCESS
R 16 SUCCESS
R 17 SUCCESS
R 18 SUCCESS
R 19 SUCCESS
R 20 SUCCESS
R 21 SUCCESS
STATE
A 1 2 4850
A 2 2 50040
A 3 2 7999970
A 4 2 50040
A 6 2 50040
FEE 2 60
EVENTS
FE ADL_ORIGIN_CLOSE uid=1 cur=2 free=4970 locked=0
FE ADL_POSITION_CLOSE uid=2 cur=2 free=50000 locked=0
FE ADL_POSITION_CLOSE uid=4 cur=2 free=50000 locked=0
FE ADL_POSITION_CLOSE uid=6 cur=2 free=50000 locked=0
FE CLOSE_POSITION uid=3 cur=2 free=7999890 locked=100
FE CLOSE_POSITION uid=3 cur=2 free=7999930 locked=50
FE CLOSE_POSITION uid=3 cur=2 free=7999970 locked=0
FE DEPOSIT uid=1 cur=2 free=5000 locked=0
FE DEPOSIT uid=2 cur=2 free=50000 locked=0
FE DEPOSIT uid=3 cur=2 free=8000000 locked=0
FE DEPOSIT uid=4 cur=2 free=50000 locked=0
FE DEPOSIT uid=6 cur=2 free=50000 locked=0
FE LIQUIDATION_ALERT uid=1 cur=2 free=0 locked=0
FE LOCK_PENDING uid=1 cur=2 free=4820 locked=180
FE LOCK_PENDING uid=2 cur=2 free=49940 locked=60
FE LOCK_PENDING uid=3 cur=2 free=7999820 locked=180
FE LOCK_PENDING uid=3 cur=2 free=7999840 locked=160
FE LOCK_PENDING uid=3 cur=2 free=7999880 locked=110
FE LOCK_PENDING uid=3 cur=2 free=7999920 locked=60
FE LOCK_PENDING uid=4 cur=2 free=49940 locked=60
FE LOCK_PENDING uid=6 cur=2 free=49940 locked=60
FE OPEN_POSITION uid=1 cur=2 free=4820 locked=150
FE OPEN_POSITION uid=2 cur=2 free=49950 locked=50
FE OPEN_POSITION uid=3 cur=2 free=7999850 locked=150
FE OPEN_POSITION uid=4 cur=2 free=49950 locked=50
FE OPEN_POSITION uid=6 cur=2 free=49950 locked=50
FE PNL_SETTLEMENT uid=1 cur=2 free=4850 locked=0
FE PNL_SETTLEMENT uid=2 cur=2 free=50040 locked=0
FE PNL_SETTLEMENT uid=4 cur=2 free=50040 locked=0
FE PNL_SETTLEMENT uid=6 cur=2 free=50040 locked=0
FE UNLOCK_PENDING uid=1 cur=2 free=4820 locked=150
FE UNLOCK_PENDING uid=1 cur=2 free=5000 locked=0
FE UNLOCK_PENDING uid=2 cur=2 free=50000 locked=0
FE UNLOCK_PENDING uid=3 cur=2 free=7999850 locked=150
FE UNLOCK_PENDING uid=3 cur=2 free=7999890 locked=100
FE UNLOCK_PENDING uid=3 cur=2 free=7999930 locked=50
FE UNLOCK_PENDING uid=3 cur=2 free=8000000 locked=0
FE UNLOCK_PENDING uid=4 cur=2 free=50000 locked=0
FE UNLOCK_PENDING uid=6 cur=2 free=50000 locked=0
MATCH
ERF NEW NEW uid=3 oid=1 side=ASK maker=0 pos=ONEWAY cp=-1 px=1000 lastQty=0 lastPx=0 cumQty=0 cumQ=0 avgPx=0 fee=0 feeAsset=2
ERF NEW NEW uid=1 oid=2 side=BID maker=0 pos=ONEWAY cp=-1 px=1000 lastQty=0 lastPx=0 cumQty=0 cumQ=0 avgPx=0 fee=0 feeAsset=2
ERF TRADE FILLED uid=1 oid=2 side=BID maker=0 pos=ONEWAY cp=3 px=1000 lastQty=15 lastPx=1000 cumQty=15 cumQ=15000 avgPx=1000 fee=30 feeAsset=2
ERF TRADE FILLED uid=3 oid=1 side=ASK maker=1 pos=ONEWAY cp=1 px=1000 lastQty=15 lastPx=1000 cumQty=15 cumQ=15000 avgPx=1000 fee=0 feeAsset=2
ERF NEW NEW uid=2 oid=3 side=ASK maker=0 pos=ONEWAY cp=-1 px=1000 lastQty=0 lastPx=0 cumQty=0 cumQ=0 avgPx=0 fee=0 feeAsset=2
ERF NEW NEW uid=3 oid=4 side=BID maker=0 pos=ONEWAY cp=-1 px=1000 lastQty=0 lastPx=0 cumQty=0 cumQ=0 avgPx=0 fee=0 feeAsset=2
ERF TRADE FILLED uid=3 oid=4 side=BID maker=0 pos=ONEWAY cp=2 px=1000 lastQty=5 lastPx=1000 cumQty=5 cumQ=5000 avgPx=1000 fee=10 feeAsset=2
ERF TRADE FILLED uid=2 oid=3 side=ASK maker=1 pos=ONEWAY cp=3 px=1000 lastQty=5 lastPx=1000 cumQty=5 cumQ=5000 avgPx=1000 fee=0 feeAsset=2
ERF NEW NEW uid=4 oid=5 side=ASK maker=0 pos=ONEWAY cp=-1 px=1000 lastQty=0 lastPx=0 cumQty=0 cumQ=0 avgPx=0 fee=0 feeAsset=2
ERF NEW NEW uid=3 oid=6 side=BID maker=0 pos=ONEWAY cp=-1 px=1000 lastQty=0 lastPx=0 cumQty=0 cumQ=0 avgPx=0 fee=0 feeAsset=2
ERF TRADE FILLED uid=3 oid=6 side=BID maker=0 pos=ONEWAY cp=4 px=1000 lastQty=5 lastPx=1000 cumQty=5 cumQ=5000 avgPx=1000 fee=10 feeAsset=2
ERF TRADE FILLED uid=4 oid=5 side=ASK maker=1 pos=ONEWAY cp=3 px=1000 lastQty=5 lastPx=1000 cumQty=5 cumQ=5000 avgPx=1000 fee=0 feeAsset=2
ERF NEW NEW uid=6 oid=7 side=ASK maker=0 pos=ONEWAY cp=-1 px=1000 lastQty=0 lastPx=0 cumQty=0 cumQ=0 avgPx=0 fee=0 feeAsset=2
ERF NEW NEW uid=3 oid=8 side=BID maker=0 pos=ONEWAY cp=-1 px=1000 lastQty=0 lastPx=0 cumQty=0 cumQ=0 avgPx=0 fee=0 feeAsset=2
ERF TRADE FILLED uid=3 oid=8 side=BID maker=0 pos=ONEWAY cp=6 px=1000 lastQty=5 lastPx=1000 cumQty=5 cumQ=5000 avgPx=1000 fee=10 feeAsset=2
ERF TRADE FILLED uid=6 oid=7 side=ASK maker=1 pos=ONEWAY cp=3 px=1000 lastQty=5 lastPx=1000 cumQty=5 cumQ=5000 avgPx=1000 fee=0 feeAsset=2
ERF REJECT REJECTED uid=1 oid=43078522175488 side=ASK maker=0 pos=ONEWAY cp=-1 px=992 lastQty=0 lastPx=0 cumQty=0 cumQ=0 avgPx=0 fee=0 feeAsset=2
