R 4 SUCCESS
R 5 SUCCESS
R 6 SUCCESS
R 7 SUCCESS
R 8 SUCCESS
R 9 SUCCESS
R 10 SUCCESS
R 11 SUCCESS
R 12 SUCCESS
R 13 SUCCESS
R 14 SUCCESS
R 15 SUCCESS
R 16 SUCCESS
R 17 SUCCESS
R 18 SUCCESS
R 19 SUCCESS
R 20 SUCCESS
R 21 SUCCESS
STATE
A 1 2 4850
A 2 2 50040
A 3 2 7999970
A 4 2 50040
A 6 2 50040
FEE 2 60
EVENTS
FE ADL_ORIGIN_CLOSE uid=1 cur=2 free=4970 locked=0
FE ADL_POSITION_CLOSE uid=2 cur=2 free=50000 locked=0
FE ADL_POSITION_CLOSE uid=4 cur=2 free=50000 locked=0
FE ADL_POSITION_CLOSE uid=6 cur=2 free=50000 locked=0
FE PNL_SETTLEMENT uid=1 cur=2 free=4850 locked=0
FE PNL_SETTLEMENT uid=2 cur=2 free=50040 locked=0
FE PNL_SETTLEMENT uid=4 cur=2 free=50040 locked=0
FE PNL_SETTLEMENT uid=6 cur=2 free=50040 locked=0
