R 4 SUCCESS
R 5 SUCCESS
R 6 SUCCESS
R 7 SUCCESS
R 8 SUCCESS
R 9 SUCCESS
R 10 SUCCESS
STATE
A 1 2 998000
A 2 2 1002000
EVENTS
FE DEPOSIT uid=1 cur=2 free=1000000 locked=0
FE DEPOSIT uid=2 cur=2 free=1000000 locked=0
FE LOCK_PENDING uid=1 cur=2 free=999900 locked=100
FE LOCK_PENDING uid=2 cur=2 free=999900 locked=100
FE OPEN_POSITION uid=1 cur=2 free=999900 locked=100
FE OPEN_POSITION uid=2 cur=2 free=999900 locked=100
FE PNL_SETTLEMENT uid=1 cur=2 free=998000 locked=0
FE PNL_SETTLEMENT uid=2 cur=2 free=1002000 locked=0
FE UNLOCK_PENDING uid=1 cur=2 free=1000000 locked=0
FE UNLOCK_PENDING uid=2 cur=2 free=1000000 locked=0
