R 4 SUCCESS
R 5 SUCCESS
R 6 SUCCESS
R 7 SUCCESS
R 8 SUCCESS
R 9 SUCCESS
R 10 SUCCESS
R 11 SUCCESS
R 12 SUCCESS
R 13 SUCCESS
R 14 SUCCESS
R 15 SUCCESS
R 16 SUCCESS
STATE
A 1 2 1000000
POS 1 10000 LONG 10 10000 100 0
A 2 2 1000000
POS 2 10000 LONG 20 20000 200 0
A 3 2 1000000
POS 3 10000 SHORT 10 10000 100 0
A 4 2 1000000
POS 4 10000 SHORT 20 20000 200 0
EVENTS
FE DEPOSIT uid=1 cur=2 free=1000000 locked=0
FE DEPOSIT uid=2 cur=2 free=1000000 locked=0
FE DEPOSIT uid=3 cur=2 free=1000000 locked=0
FE DEPOSIT uid=4 cur=2 free=1000000 locked=0
FE FUNDINGFEE_SETTLEMENT uid=1 cur=2 free=999900 locked=100
FE FUNDINGFEE_SETTLEMENT uid=2 cur=2 free=999800 locked=200
FE FUNDINGFEE_SETTLEMENT uid=3 cur=2 free=999900 locked=100
FE FUNDINGFEE_SETTLEMENT uid=4 cur=2 free=999800 locked=200
FE LOCK_PENDING uid=1 cur=2 free=999900 locked=100
FE LOCK_PENDING uid=2 cur=2 free=999800 locked=200
FE LOCK_PENDING uid=3 cur=2 free=999900 locked=100
FE LOCK_PENDING uid=4 cur=2 free=999800 locked=200
FE OPEN_POSITION uid=1 cur=2 free=999900 locked=100
FE OPEN_POSITION uid=2 cur=2 free=999800 locked=200
FE OPEN_POSITION uid=3 cur=2 free=999900 locked=100
FE OPEN_POSITION uid=4 cur=2 free=999800 locked=200
FE UNLOCK_PENDING uid=1 cur=2 free=1000000 locked=0
FE UNLOCK_PENDING uid=2 cur=2 free=1000000 locked=0
FE UNLOCK_PENDING uid=3 cur=2 free=1000000 locked=0
FE UNLOCK_PENDING uid=4 cur=2 free=1000000 locked=0
