R 4 SUCCESS
R 5 SUCCESS
R 6 SUCCESS
R 7 SUCCESS
R 8 SUCCESS
R 9 SUCCESS
R 10 SUCCESS
R 11 SUCCESS
R 12 SUCCESS
R 13 SUCCESS
R 14 RISK_MARGIN_MODE_MISMATCH
R 15 SUCCESS
R 16 RISK_MARGIN_MODE_MISMATCH
R 17 SUCCESS
R 18 RISK_MARGIN_MODE_MISMATCH
R 19 RISK_MARGIN_MODE_MISMATCH
R 20 RISK_LEVERAGE_MISMATCH
R 21 RISK_LEVERAGE_MISMATCH
R 22 RISK_MARGIN_MODE_MISMATCH
R 23 RISK_LEVERAGE_MISMATCH
R 24 RISK_LEVERAGE_MISMATCH
R 25 RISK_MARGIN_MODE_MISMATCH
R 26 RISK_LEVERAGE_MISMATCH
R 27 RISK_MARGIN_MODE_MISMATCH
R 28 RISK_LEVERAGE_MISMATCH
R 29 RISK_MARGIN_MODE_MISMATCH
R 30 RISK_MARGIN_MODE_MISMATCH
R 31 RISK_MARGIN_MODE_MISMATCH
R 32 RISK_LEVERAGE_MISMATCH
R 33 RISK_MARGIN_MODE_MISMATCH
R 34 RISK_MARGIN_MODE_MISMATCH
R 35 RISK_MARGIN_MODE_MISMATCH
R 36 RISK_MARGIN_MODE_MISMATCH
R 37 RISK_LEVERAGE_MISMATCH
R 38 RISK_MARGIN_MODE_MISMATCH
R 39 RISK_MARGIN_MODE_MISMATCH
R 40 RISK_LEVERAGE_MISMATCH
R 41 RISK_LEVERAGE_MISMATCH
R 42 RISK_LEVERAGE_MISMATCH
R 43 RISK_MARGIN_MODE_MISMATCH
R 44 RISK_MARGIN_MODE_MISMATCH
R 45 RISK_MARGIN_MODE_MISMATCH
R 46 RISK_LEVERAGE_MISMATCH
R 47 RISK_MARGIN_MODE_MISMATCH
R 48 RISK_LEVERAGE_MISMATCH
R 49 SUCCESS
R 50 SUCCESS
R 51 RISK_LEVERAGE_MISMATCH
STATE
A 1 2 1000000000000
POS 1 10000 LONG 2 20130 50 0
A 2 2 1000000000000
POS 2 10000 SHORT 2 20130 50 0
A 3 2 1000000000000
POS 3 10000 LONG 1 9860 34 0
A 4 2 1000000000000
POS 4 10000 SHORT 1 9860 25 0
EVENTS
FE DEPOSIT uid=1 cur=2 free=1000000000000 locked=0
FE DEPOSIT uid=2 cur=2 free=1000000000000 locked=0
FE DEPOSIT uid=3 cur=2 free=1000000000000 locked=0
FE DEPOSIT uid=4 cur=2 free=1000000000000 locked=0
FE LOCK_PENDING uid=1 cur=2 free=999999999949 locked=51
FE LOCK_PENDING uid=2 cur=2 free=999999999849 locked=151
FE LOCK_PENDING uid=2 cur=2 free=999999999925 locked=75
FE LOCK_PENDING uid=2 cur=2 free=999999999949 locked=51
FE LOCK_PENDING uid=3 cur=2 free=999999999901 locked=99
FE LOCK_PENDING uid=4 cur=2 free=999999999975 locked=25
FE OPEN_POSITION uid=1 cur=2 free=999999999950 locked=50
FE OPEN_POSITION uid=2 cur=2 free=999999999950 locked=50
FE OPEN_POSITION uid=3 cur=2 free=999999999900 locked=100
FE OPEN_POSITION uid=4 cur=2 free=999999999975 locked=25
FE UNLOCK_PENDING uid=1 cur=2 free=1000000000000 locked=0
FE UNLOCK_PENDING uid=2 cur=2 free=1000000000000 locked=0
FE UNLOCK_PENDING uid=3 cur=2 free=999999999934 locked=66
FE UNLOCK_PENDING uid=4 cur=2 free=1000000000000 locked=0
