R 4 SUCCESS
R 5 SUCCESS
R 6 SUCCESS
R 7 SUCCESS
R 8 SUCCESS
R 9 SUCCESS
STATE
A 1 2 4960
A 2 2 49990
POS 2 10002 SHORT 5 5000 50 0
FEE 2 10
EVENTS
FE DEPOSIT uid=1 cur=2 free=5000 locked=0
FE DEPOSIT uid=2 cur=2 free=50000 locked=0
FE IF_POSITION_CLOSE uid=1 cur=2 free=5000 locked=0
FE LIQUIDATION_ALERT uid=1 cur=2 free=0 locked=0
FE LOCK_PENDING uid=1 cur=2 free=4940 locked=60
FE LOCK_PENDING uid=2 cur=2 free=49940 locked=60
FE OPEN_POSITION uid=1 cur=2 free=4950 locked=50
FE OPEN_POSITION uid=2 cur=2 free=49940 locked=50
FE PNL_SETTLEMENT uid=1 cur=2 free=4960 locked=0
FE UNLOCK_PENDING uid=1 cur=2 free=4950 locked=50
FE UNLOCK_PENDING uid=1 cur=2 free=5000 locked=0
FE UNLOCK_PENDING uid=2 cur=2 free=50000 locked=0
MATCH
ERF NEW NEW uid=1 oid=1 side=BID maker=0 pos=ONEWAY cp=-1 px=1000 lastQty=0 lastPx=0 cumQty=0 cumQ=0 avgPx=0 fee=0 feeAsset=2
ERF NEW NEW uid=2 oid=2 side=ASK maker=0 pos=ONEWAY cp=-1 px=1000 lastQty=0 lastPx=0 cumQty=0 cumQ=0 avgPx=0 fee=0 feeAsset=2
ERF TRADE FILLED uid=2 oid=2 side=ASK maker=0 pos=ONEWAY cp=1 px=1000 lastQty=5 lastPx=1000 cumQty=5 cumQ=5000 avgPx=1000 fee=10 feeAsset=2
ERF TRADE FILLED uid=1 oid=1 side=BID maker=1 pos=ONEWAY cp=2 px=1000 lastQty=5 lastPx=1000 cumQty=5 cumQ=5000 avgPx=1000 fee=0 feeAsset=2
ERF REJECT REJECTED uid=1 oid=42958263091200 side=ASK maker=0 pos=ONEWAY cp=-1 px=992 lastQty=0 lastPx=0 cumQty=0 cumQ=0 avgPx=0 fee=0 feeAsset=2
