R 4 SUCCESS
R 5 SUCCESS
R 6 SUCCESS
R 7 SUCCESS
R 8 SUCCESS
R 9 SUCCESS
R 10 SUCCESS
R 11 SUCCESS
R 12 SUCCESS
R 13 SUCCESS
R 14 SUCCESS
STATE
A 1 2 1000000
POS 1 7101 LONG 5 5000 500 0
POS 1 7101 SHORT 5 5000 500 0
A 2 2 1000000
POS 2 7101 SHORT 5 5000 500 0
A 3 2 1000000
POS 3 7101 LONG 5 5000 500 0
EVENTS
FE DEPOSIT uid=1 cur=2 free=1000000 locked=0
FE DEPOSIT uid=2 cur=2 free=1000000 locked=0
FE DEPOSIT uid=3 cur=2 free=1000000 locked=0
FE LOCK_PENDING uid=1 cur=2 free=999000 locked=1000
FE LOCK_PENDING uid=1 cur=2 free=999500 locked=500
FE LOCK_PENDING uid=2 cur=2 free=999500 locked=500
FE LOCK_PENDING uid=3 cur=2 free=999500 locked=500
FE OPEN_POSITION uid=1 cur=2 free=999000 locked=1000
FE OPEN_POSITION uid=1 cur=2 free=999500 locked=500
FE OPEN_POSITION uid=2 cur=2 free=999500 locked=500
FE OPEN_POSITION uid=3 cur=2 free=999500 locked=500
FE UNLOCK_PENDING uid=1 cur=2 free=1000000 locked=0
FE UNLOCK_PENDING uid=1 cur=2 free=999500 locked=500
FE UNLOCK_PENDING uid=2 cur=2 free=1000000 locked=0
FE UNLOCK_PENDING uid=3 cur=2 free=1000000 locked=0
