R 1 SUCCESS
R 2 SUCCESS
R 3 SUCCESS
R 4 SUCCESS
R 5 INTERNAL_TRANSFER_INVALID_SELF
R 6 RISK_NSF
R 7 SUCCESS
STATE
A 1 1 750
A 2 1 250
EVENTS
FE DEPOSIT uid=1 cur=1 free=1000 locked=0
FE INTERNAL_TRANSFER uid=1 cur=1 free=700 locked=0
FE INTERNAL_TRANSFER uid=1 cur=1 free=750 locked=0
FE INTERNAL_TRANSFER uid=2 cur=1 free=250 locked=0
FE INTERNAL_TRANSFER uid=2 cur=1 free=300 locked=0
