R 3 SUCCESS
R 4 SUCCESS
R 5 SUCCESS
R 6 SUCCESS
R 7 SUCCESS
R 8 SUCCESS
R 9 SUCCESS
R 10 SUCCESS
R 11 SUCCESS
STATE
A 1 1 2
A 1 2 999979800
A 2 1 999999
A 2 2 10000
A 4 1 999999
A 4 2 10200
EVENTS
FE DEPOSIT uid=1 cur=2 free=1000000000 locked=0
FE DEPOSIT uid=2 cur=1 free=1000000 locked=0
FE DEPOSIT uid=4 cur=1 free=1000000 locked=0
FE LOCKED uid=1 cur=2 free=999979600 locked=20400
FE LOCKED uid=2 cur=1 free=999999 locked=1
FE LOCKED uid=4 cur=1 free=999999 locked=1
FE TRANSFER uid=1 cur=1 free=2 locked=0
FE TRANSFER uid=1 cur=2 free=999979800 locked=0
FE TRANSFER uid=2 cur=1 free=999999 locked=0
FE TRANSFER uid=2 cur=2 free=10000 locked=0
FE TRANSFER uid=4 cur=1 free=999999 locked=0
FE TRANSFER uid=4 cur=2 free=10200 locked=0
FE UNLOCKED uid=1 cur=2 free=999979800 locked=0
