R 4 SUCCESS
R 5 SUCCESS
R 6 SUCCESS
R 7 SUCCESS
R 8 SUCCESS
R 9 SUCCESS
R 10 SUCCESS
R 11 SUCCESS
R 12 SUCCESS
R 13 SUCCESS
STATE
A 1 2 4960
A 2 2 50000
POS 2 10003 SHORT 5 5040 50 0
A 3 2 3999970
POS 3 10003 LONG 5 5000 50 0
FEE 2 30
EVENTS
FE ADL_ORIGIN_CLOSE uid=1 cur=2 free=5000 locked=0
FE ADL_POSITION_CLOSE uid=2 cur=2 free=49950 locked=50
FE PNL_SETTLEMENT uid=1 cur=2 free=4960 locked=0
