R 6 SUCCESS
R 7 SUCCESS
R 8 SUCCESS
R 9 SUCCESS
R 10 SUCCESS
R 11 SUCCESS
R 12 SUCCESS
R 13 SUCCESS
R 14 SUCCESS
STATE
A 1 2 2900
POS 1 10021 LONG 10 10000 100 0
A 2 2 10000000
POS 2 10021 SHORT 10 10000 100 0
EVENTS
FE CLOSE_POSITION uid=2 cur=2 free=9999801 locked=199
FE LIQUIDATION_ALERT uid=1 cur=2 free=0 locked=0
FE LIQUIDATION_CLOSE uid=1 cur=2 free=2900 locked=100
FE LIQUIDATION_FEE uid=1 cur=2 free=2800 locked=100
FE LOCK_PENDING uid=1 cur=2 free=2800 locked=200
FE LOCK_PENDING uid=1 cur=2 free=2900 locked=100
FE LOCK_PENDING uid=2 cur=2 free=9999800 locked=200
FE LOCK_PENDING uid=2 cur=2 free=9999800 locked=200
FE LOCK_PENDING uid=2 cur=2 free=9999900 locked=100
FE OPEN_POSITION uid=1 cur=2 free=2800 locked=200
FE OPEN_POSITION uid=1 cur=2 free=2900 locked=100
FE OPEN_POSITION uid=2 cur=2 free=9999800 locked=200
FE OPEN_POSITION uid=2 cur=2 free=9999900 locked=100
FE PNL_SETTLEMENT uid=1 cur=2 free=2800 locked=100
FE UNLOCK_PENDING uid=1 cur=2 free=2900 locked=100
FE UNLOCK_PENDING uid=1 cur=2 free=3000 locked=0
FE UNLOCK_PENDING uid=2 cur=2 free=10000000 locked=0
FE UNLOCK_PENDING uid=2 cur=2 free=9999800 locked=200
FE UNLOCK_PENDING uid=2 cur=2 free=9999900 locked=100
