R 8 SUCCESS
R 9 SUCCESS
R 10 SUCCESS
R 11 SUCCESS
R 12 SUCCESS
R 13 SUCCESS
R 14 SUCCESS
R 15 SUCCESS
R 16 SUCCESS
R 17 SUCCESS
STATE
A 2 1 300
A 2 2 1050000
POS 2 6001 LONG 10 10000 1000 0
A 4 2 1000000
POS 4 6001 SHORT 10 10000 1000 0
EVENTS
FE DEPOSIT uid=2 cur=1 free=300 locked=0
FE DEPOSIT uid=2 cur=2 free=1000000 locked=0
FE DEPOSIT uid=4 cur=2 free=1000000 locked=0
FE LOAN_BORROW uid=2 cur=2 free=1050000 locked=0
FE LOAN_COLLATERAL_CHANGE uid=2 cur=0 free=0 locked=0
FE LOCK_PENDING uid=2 cur=2 free=1049000 locked=1000
FE LOCK_PENDING uid=4 cur=2 free=999000 locked=1000
FE OPEN_POSITION uid=2 cur=2 free=1049000 locked=1000
FE OPEN_POSITION uid=4 cur=2 free=999000 locked=1000
FE UNLOCK_PENDING uid=2 cur=2 free=1050000 locked=0
FE UNLOCK_PENDING uid=4 cur=2 free=1000000 locked=0
