R 7 SUCCESS
R 8 SUCCESS
R 9 SUCCESS
R 10 SUCCESS
R 11 SUCCESS
R 12 SUCCESS
R 13 SUCCESS
R 14 SUCCESS
R 15 SUCCESS
R 16 SUCCESS
R 17 SUCCESS
R 18 SUCCESS
R 19 SUCCESS
R 20 SUCCESS
R 21 SUCCESS
STATE
A 1 3 3
A 2 1 49000
A 2 2 100000
A 3 4 5
A 4 2 15000
EVENTS
FE DEPOSIT uid=1 cur=1 free=49000 locked=0
FE DEPOSIT uid=1 cur=2 free=100000 locked=0
FE DEPOSIT uid=2 cur=3 free=3 locked=0
FE DEPOSIT uid=3 cur=2 free=15000 locked=0
FE DEPOSIT uid=4 cur=4 free=5 locked=0
FE LOCKED uid=1 cur=1 free=0 locked=49000
FE LOCKED uid=1 cur=2 free=0 locked=100000
FE LOCKED uid=2 cur=3 free=0 locked=1
FE LOCKED uid=2 cur=3 free=1 locked=2
FE LOCKED uid=3 cur=2 free=0 locked=15000
FE LOCKED uid=4 cur=4 free=0 locked=5
FE TRANSFER uid=1 cur=1 free=0 locked=0
FE TRANSFER uid=1 cur=2 free=0 locked=0
FE TRANSFER uid=1 cur=3 free=2 locked=0
FE TRANSFER uid=1 cur=3 free=3 locked=0
FE TRANSFER uid=2 cur=1 free=49000 locked=0
FE TRANSFER uid=2 cur=2 free=100000 locked=0
FE TRANSFER uid=2 cur=3 free=0 locked=0
FE TRANSFER uid=2 cur=3 free=1 locked=0
FE TRANSFER uid=3 cur=2 free=0 locked=0
FE TRANSFER uid=3 cur=4 free=5 locked=0
FE TRANSFER uid=4 cur=2 free=15000 locked=0
FE TRANSFER uid=4 cur=4 free=0 locked=0
