R 4 SUCCESS
R 5 SUCCESS
R 6 SUCCESS
R 7 SUCCESS
R 8 SUCCESS
R 9 SUCCESS
R 10 SUCCESS
STATE
A 1 2 19900
POS 1 10000 LONG 10 10000 150 0
A 2 2 3999800
POS 2 10000 SHORT 10 10000 150 0
FEE 2 300
EVENTS
FE DEPOSIT uid=1 cur=2 free=20000 locked=0
FE DEPOSIT uid=2 cur=2 free=4000000 locked=0
FE FUNDINGFEE_SETTLEMENT uid=1 cur=2 free=19750 locked=150
FE FUNDINGFEE_SETTLEMENT uid=2 cur=2 free=3999650 locked=150
FE LOCK_PENDING uid=1 cur=2 free=19700 locked=300
FE LOCK_PENDING uid=2 cur=2 free=3999700 locked=300
FE OPEN_POSITION uid=1 cur=2 free=19750 locked=150
FE OPEN_POSITION uid=2 cur=2 free=3999650 locked=150
FE UNLOCK_PENDING uid=1 cur=2 free=20000 locked=0
FE UNLOCK_PENDING uid=2 cur=2 free=4000000 locked=0
