R 3 SUCCESS
R 4 SUCCESS
R 5 SUCCESS
R 6 SUCCESS
R 7 SUCCESS
R 8 SUCCESS
STATE
A 1 1 999999
A 1 2 20000
A 2 1 1
A 2 2 9980000
EVENTS
FE DEPOSIT uid=1 cur=1 free=1000000 locked=0
FE DEPOSIT uid=2 cur=2 free=10000000 locked=0
FE LOCKED uid=1 cur=1 free=999999 locked=1
FE LOCKED uid=2 cur=2 free=9980000 locked=20000
FE TRANSFER uid=1 cur=1 free=999999 locked=0
FE TRANSFER uid=1 cur=2 free=20000 locked=0
FE TRANSFER uid=2 cur=1 free=1 locked=0
FE TRANSFER uid=2 cur=2 free=9980000 locked=0
