R 3 SUCCESS
R 4 SUCCESS
R 5 SUCCESS
R 6 SUCCESS
R 7 SUCCESS
R 8 SUCCESS
R 9 SUCCESS
R 10 SUCCESS
R 11 SUCCESS
STATE
A 1 1 999996
A 1 2 396
A 2 1 999996
A 2 2 400
A 3 1 8
A 3 2 999172
FEE 2 32
EVENTS
FE DEPOSIT uid=1 cur=1 free=1000000 locked=0
FE DEPOSIT uid=2 cur=1 free=1000000 locked=0
FE DEPOSIT uid=3 cur=2 free=1000000 locked=0
FE LOCKED uid=1 cur=1 free=999996 locked=4
FE LOCKED uid=2 cur=1 free=999994 locked=6
FE LOCKED uid=3 cur=2 free=999168 locked=832
FE TRANSFER uid=1 cur=1 free=999996 locked=0
FE TRANSFER uid=1 cur=2 free=396 locked=0
FE TRANSFER uid=2 cur=1 free=999994 locked=2
FE TRANSFER uid=2 cur=2 free=400 locked=0
FE TRANSFER uid=3 cur=1 free=8 locked=0
FE TRANSFER uid=3 cur=2 free=999172 locked=0
FE UNLOCKED uid=3 cur=2 free=999172 locked=0
MATCH
ER NEW NEW uid=1 oid=1 side=ASK maker=0 px=100 lastQty=0 lastPx=0 cumQty=0 cumQ=0 comm=0 commAsset=2
ER NEW NEW uid=2 oid=2 side=ASK maker=0 px=101 lastQty=0 lastPx=0 cumQty=0 cumQ=0 comm=0 commAsset=2
ER NEW NEW uid=3 oid=3 side=BID maker=0 px=101 lastQty=0 lastPx=0 cumQty=0 cumQ=0 comm=0 commAsset=2
ER TRADE PARTIALLY_FILLED uid=3 oid=3 side=BID maker=0 px=101 lastQty=4 lastPx=100 cumQty=4 cumQ=400 comm=12 commAsset=2
ER TRADE FILLED uid=1 oid=1 side=ASK maker=1 px=100 lastQty=4 lastPx=100 cumQty=4 cumQ=400 comm=4 commAsset=2
ER TRADE FILLED uid=3 oid=3 side=BID maker=0 px=101 lastQty=4 lastPx=101 cumQty=8 cumQ=804 comm=12 commAsset=2
ER TRADE PARTIALLY_FILLED uid=2 oid=2 side=ASK maker=1 px=101 lastQty=4 lastPx=101 cumQty=4 cumQ=404 comm=4 commAsset=2
